==== s_valid_matcher_custom_p 
---- It should return true for "be" 
.
---- It should return false for other value 
...

==== vspec_customize_matcher 
---- It should succeed 
..



**** Result ****


6 examples, 0 failures
