==== ku_source_buffer_gather_candidates 
---- It should return listed buffers regardless of a:args.pattern 
.



**** Result ****


1 examples, 0 failures
