==== s_jumplist_info at first

==== s_jumplist_info at last

==== s_jumplist_info at middle
---- It should return valid values 
...
---- It should return valid values after <C-o> 
..
---- It should return valid values after <C-i> 
....



**** Result ****


9 examples, 0 failures
