==== ku_source_args_action_argdelete 
---- It requires the following initialization 
..
---- It should succeed 
...
---- It requires to reset side effect 
.



**** Result ****


6 examples, 0 failures
