==== ku_sorter_simple_sort 
---- It sort candidates by dictionary order 
.



**** Result ****


1 examples, 0 failures
