==== ku_kind_file 
---- It should be available 
.
---- It should have the following actions 
.
---- It should have the following key bindings 
.



**** Result ****


3 examples, 0 failures
