===== "Named key mappings"
TEST: maparg(_, 'c') != ''  ==>  0 ... ok
TEST: maparg(_, 'i') != ''  ==>  0 ... ok
TEST: maparg(_, 'n') != ''  ==>  1 ... ok
TEST: maparg(_, 'o') != ''  ==>  1 ... ok
TEST: maparg(_, 'v') != ''  ==>  1 ... ok
TEST: maparg(_, 'n') =~# 'operator#replace#'  ==>  1 ... ok
TEST: maparg(_, 'o')  ==>  'g@' ... ok
TEST: maparg(_, 'v') =~# 'operator#replace#'  ==>  1 ... ok
Result: 8 / 8

===== "Usage: block {motion} vs block {register} content"
TEST: getline(1, line('$'))  ==>  text ... ok
Result: 1 / 1

===== "Usage: block {motion} vs char {register} content"
TEST: getline(1, line('$'))  ==>  text ... ok
Result: 1 / 1

===== "Usage: block {motion} vs line {register} content"
TEST: getline(1, line('$'))  ==>  text ... ok
Result: 1 / 1

===== "Usage: char {motion} vs block {register} content"
TEST: getline(1, line('$'))  ==>  text ... ok
Result: 1 / 1

===== "Usage: char {motion} vs char {register} content"
TEST: getline(1, line('$'))  ==>  text ... ok
TEST: [line('.'), col('.')]  ==>  [1, 7] ... ok
TEST: [getreg('"'), getregtype('"')]  ==>  ['unnamed', 'v'] ... ok
TEST: getline(1)  ==>  '(herb unnamed pepper) salt water' ... ok
TEST: getline(2)  ==>  'Super Super Mega Kawaii' ... ok
TEST: getline(3)  ==>  'Sasara moe!  It''s burning!' ... ok
TEST: getline(4)  ==>  'Alter, you are also SSMK.' ... ok
TEST: getline(5)  ==>  'I"m-happy.' ... ok
TEST: getline(6)  ==>  'You"re-happy.' ... ok
TEST: [getreg('"'), getregtype('"')]  ==>  ['unnamed', 'v'] ... ok
TEST: [line('.'), col('.')]  ==>  [2, 8] ... ok
TEST: [getreg('"'), getregtype('"')]  ==>  ['unnamed2', 'v'] ... ok
TEST: getline(1)  ==>  '(herb unnamed pepper) salt water' ... ok
TEST: getline(2)  ==>  'Super Sunnamed2ga Kawaii' ... ok
TEST: getline(3)  ==>  'Sasara moe!  It''s burning!' ... ok
TEST: getline(4)  ==>  'Alter, you are also SSMK.' ... ok
TEST: getline(5)  ==>  'I"m-happy.' ... ok
TEST: getline(6)  ==>  'You"re-happy.' ... ok
TEST: [getreg('"'), getregtype('"')]  ==>  ['unnamed2', 'v'] ... ok
TEST: [line('.'), col('.')]  ==>  [3, 8] ... ok
TEST: [getreg('"'), getregtype('"')]  ==>  ['unnamed3', 'v'] ... ok
TEST: [getreg('s'), getregtype('s')]  ==>  ['!@#$%^&*()', 'v'] ... ok
TEST: getline(1)  ==>  '(herb unnamed pepper) salt water' ... ok
TEST: getline(2)  ==>  'Super Sunnamed2ga Kawaii' ... ok
TEST: getline(3)  ==>  'Sasara !@#$%^&*()!  It''s burning!' ... ok
TEST: getline(4)  ==>  'Alter, you are also SSMK.' ... ok
TEST: getline(5)  ==>  'I"m-happy.' ... ok
TEST: getline(6)  ==>  'You"re-happy.' ... ok
TEST: [getreg('"'), getregtype('"')]  ==>  ['unnamed3', 'v'] ... ok
TEST: [getreg('s'), getregtype('s')]  ==>  ['!@#$%^&*()', 'v'] ... ok
TEST: [line('.'), col('.')]  ==>  [4, 16] ... ok
TEST: [getreg('s'), getregtype('s')]  ==>  [')(*&^%$#@!', 'v'] ... ok
TEST: [getreg('"'), getregtype('"')]  ==>  ['unnamed4', 'v'] ... ok
TEST: getline(1)  ==>  '(herb unnamed pepper) salt water' ... ok
TEST: getline(2)  ==>  'Super Sunnamed2ga Kawaii' ... ok
TEST: getline(3)  ==>  'Sasara !@#$%^&*()!  It''s burning!' ... ok
TEST: getline(4)  ==>  'Alter, you are )(*&^%$#@! SSMK.' ... ok
TEST: getline(5)  ==>  'I"m-happy.' ... ok
TEST: getline(6)  ==>  'You"re-happy.' ... ok
TEST: [getreg('"'), getregtype('"')]  ==>  ['unnamed4', 'v'] ... ok
TEST: [getreg('s'), getregtype('s')]  ==>  [')(*&^%$#@!', 'v'] ... ok
TEST: [line('.'), col('.')]  ==>  [5, 5] ... ok
TEST: [getreg('s'), getregtype('s')]  ==>  ['amane', 'v'] ... ok
TEST: [getreg('"'), getregtype('"')]  ==>  ['unnamed4', 'v'] ... ok
TEST: getline(1)  ==>  '(herb unnamed pepper) salt water' ... ok
TEST: getline(2)  ==>  'Super Sunnamed2ga Kawaii' ... ok
TEST: getline(3)  ==>  'Sasara !@#$%^&*()!  It''s burning!' ... ok
TEST: getline(4)  ==>  'Alter, you are )(*&^%$#@! SSMK.' ... ok
TEST: getline(5)  ==>  'I"m-amane' ... ok
TEST: getline(6)  ==>  'You"re-happy.' ... ok
TEST: [getreg('"'), getregtype('"')]  ==>  ['unnamed4', 'v'] ... ok
TEST: [getreg('s'), getregtype('s')]  ==>  ['amane', 'v'] ... ok
TEST: [line('.'), col('.')]  ==>  [6, 8] ... ok
TEST: [getreg('s'), getregtype('s')]  ==>  ['avril', 'v'] ... ok
TEST: [getreg('"'), getregtype('"')]  ==>  ['unnamed4', 'v'] ... ok
TEST: getline(1)  ==>  '(herb unnamed pepper) salt water' ... ok
TEST: getline(2)  ==>  'Super Sunnamed2ga Kawaii' ... ok
TEST: getline(3)  ==>  'Sasara !@#$%^&*()!  It''s burning!' ... ok
TEST: getline(4)  ==>  'Alter, you are )(*&^%$#@! SSMK.' ... ok
TEST: getline(5)  ==>  'I"m-amane' ... ok
TEST: getline(6)  ==>  'You"re-avril' ... ok
TEST: [getreg('"'), getregtype('"')]  ==>  ['unnamed4', 'v'] ... ok
TEST: [getreg('s'), getregtype('s')]  ==>  ['avril', 'v'] ... ok
Result: 63 / 63

===== "Usage: char {motion} vs line {register} content"
TEST: getline(1, line('$'))  ==>  text ... ok
Result: 1 / 1

===== "Usage: line {motion} vs block {register} content"
TEST: getline(1, line('$'))  ==>  text ... ok
Result: 1 / 1

===== "Usage: line {motion} vs char {register} content"
TEST: getline(1, line('$'))  ==>  text ... ok
Result: 1 / 1

===== "Usage: line {motion} vs line {register} content"
TEST: getline(1, line('$'))  ==>  text ... ok
TEST: [getreg('"'), getregtype('"')]  ==>  ["unnamed1\n", 'V'] ... ok
TEST: [getreg('s'), getregtype('s')]  ==>  ["Spiral1\n", 'V'] ... ok
TEST: getline(1)  ==>  'unnamed1' ... ok
TEST: getline(2)  ==>  'Super Super Mega Kawaii' ... ok
TEST: getline(3)  ==>  'Sasara moe!  It''s burning!' ... ok
TEST: getline(4)  ==>  'Alter, you are also SSMK.' ... ok
TEST: getline(5)  ==>  'I"m-happy.' ... ok
TEST: getline(6)  ==>  'You"re-happy.' ... ok
TEST: [getreg('"'), getregtype('"')]  ==>  ["unnamed1\n", 'V'] ... ok
TEST: [getreg('s'), getregtype('s')]  ==>  ["Spiral1\n", 'V'] ... ok
TEST: [getreg('"'), getregtype('"')]  ==>  ["unnamed2\n", 'V'] ... ok
TEST: [getreg('"'), getregtype('"')]  ==>  ["unnamed2\n", 'V'] ... ok
TEST: getline(1)  ==>  'unnamed1' ... ok
TEST: getline(2)  ==>  'unnamed2' ... ok
TEST: getline(3)  ==>  'Sasara moe!  It''s burning!' ... ok
TEST: getline(4)  ==>  'Alter, you are also SSMK.' ... ok
TEST: getline(5)  ==>  'I"m-happy.' ... ok
TEST: getline(6)  ==>  'You"re-happy.' ... ok
TEST: [getreg('"'), getregtype('"')]  ==>  ["unnamed2\n", 'V'] ... ok
TEST: [getreg('s'), getregtype('s')]  ==>  ["Spiral2\n", 'V'] ... ok
TEST: [getreg('"'), getregtype('"')]  ==>  ["unnamed3\n", 'V'] ... ok
TEST: [getreg('s'), getregtype('s')]  ==>  ["Spiral3\n", 'V'] ... ok
TEST: getline(1)  ==>  'unnamed1' ... ok
TEST: getline(2)  ==>  'unnamed2' ... ok
TEST: getline(3)  ==>  'Spiral3' ... ok
TEST: getline(4)  ==>  'Alter, you are also SSMK.' ... ok
TEST: getline(5)  ==>  'I"m-happy.' ... ok
TEST: getline(6)  ==>  'You"re-happy.' ... ok
TEST: [getreg('"'), getregtype('"')]  ==>  ["unnamed3\n", 'V'] ... ok
TEST: [getreg('s'), getregtype('s')]  ==>  ["Spiral3\n", 'V'] ... ok
TEST: [getreg('"'), getregtype('"')]  ==>  ["unnamed4\n", 'V'] ... ok
TEST: [getreg('s'), getregtype('s')]  ==>  ["Spiral4\n", 'V'] ... ok
TEST: getline(1)  ==>  'unnamed1' ... ok
TEST: getline(2)  ==>  'unnamed2' ... ok
TEST: getline(3)  ==>  'Spiral3' ... ok
TEST: getline(4)  ==>  'Spiral4' ... ok
TEST: getline(5)  ==>  'I"m-happy.' ... ok
TEST: getline(6)  ==>  'You"re-happy.' ... ok
TEST: [getreg('"'), getregtype('"')]  ==>  ["unnamed4\n", 'V'] ... ok
TEST: [getreg('s'), getregtype('s')]  ==>  ["Spiral4\n", 'V'] ... ok
TEST: [getreg('"'), getregtype('"')]  ==>  ["unnamed5\n", 'V'] ... ok
TEST: [getreg('s'), getregtype('s')]  ==>  ["Spiral5\n", 'V'] ... ok
TEST: getline(1)  ==>  'unnamed1' ... ok
TEST: getline(2)  ==>  'unnamed2' ... ok
TEST: getline(3)  ==>  'Spiral3' ... ok
TEST: getline(4)  ==>  'Spiral4' ... ok
TEST: getline(5)  ==>  'unnamed5' ... ok
TEST: line('$')  ==>  5 ... ok
TEST: [getreg('"'), getregtype('"')]  ==>  ["unnamed5\n", 'V'] ... ok
TEST: [getreg('s'), getregtype('s')]  ==>  ["Spiral5\n", 'V'] ... ok
TEST: [getreg('"'), getregtype('"')]  ==>  ["unnamed6\n", 'V'] ... ok
TEST: [getreg('s'), getregtype('s')]  ==>  ["Spiral6\n", 'V'] ... ok
TEST: getline(1)  ==>  'unnamed1' ... ok
TEST: getline(2)  ==>  'unnamed2' ... ok
TEST: getline(3)  ==>  'Spiral3' ... ok
TEST: getline(4)  ==>  'unnamed6' ... ok
TEST: line('$')  ==>  4 ... ok
TEST: [getreg('"'), getregtype('"')]  ==>  ["unnamed6\n", 'V'] ... ok
TEST: [getreg('s'), getregtype('s')]  ==>  ["Spiral6\n", 'V'] ... ok
Result: 60 / 60

===== Total
Result: 138 / 138
