==== s_read_pastebuffer 
---- It should read the paste buffer which contains empty string 
..
---- It should read the paste buffer which contains string without newline 
..
---- It should read the paste buffer which contains single-line string 
..
---- It should read the paste buffer which contains multi-line string 
..
---- It should read the paste buffer which contains multi-line string w/o last LF 
..

==== s_read_pastebuffer_gnuscreen 
---- It should read the paste buffer which contains empty string 
..
---- It should read the paste buffer which contains string without newline 
..
---- It should read the paste buffer which contains single-line string 
..
---- It should read the paste buffer which contains multi-line string 
..
---- It should read the paste buffer which contains multi-line string w/o last LF 
..

==== s_write_pastebuffer 
---- It should succeed 
.....

==== s_write_pastebuffer_gnuscreen 
---- It should succeed 
.....



**** Result ****


30 examples, 0 failures
